/file/confirm-overwrite no
/file/import/plot3d/mesh FOILNAME.xyz
/solve/initialize/repair-wall-distance 
/define/boundary-conditions/modify-zones/zone-type  1  fluid
/define/boundary-conditions/modify-zones/zone-type  2  fluid
/adapt/mark-inout-rectangle yes no -1 1 -5 5 
/mesh/modify-zones/sep-face-zone-mark  3    hexahedron-r0 yes 
/mesh/modify-zones/sep-face-zone-angle  3    60  yes 
/mesh/modify-zones/sep-face-zone-angle  5  60 yes 
/adapt/mark-inout-rectangle yes no -0.01 0.01 -0.01 0
/mesh/modify-zones/sep-face-zone-mark  8    hexahedron-r1 yes 
/mesh/modify-zones/sep-face-zone-angle 8 60 yes 

/define/boundary-conditions/zone-type 3   interface 
/define/boundary-conditions/zone-type 13   interface 
/define/mesh-interfaces/create   interface_down    default_exterior-2:013  ()    default_exterior-1 ()  no no no yes
/define/boundary-conditions/zone-type 10    interface
/define/boundary-conditions/zone-type 15    interface
/define/mesh-interfaces/create   interface_up     default_exterior-2:015 ()     default_exterior-1:010 ()  no no no yes

/define/models/solver/density-based-implicit yes
/define/models/viscous/transition-sst yes
/define/models/energy yes
/define/materials/change-create air air yes ideal-gas no no  yes sutherland  three-coefficient-method  1.716e-05 273.11 110.56 no no no
/define/operating-conditions/operating-pressure  0
/define/boundary-conditions/zone-name 12  velocityInlet
/define/boundary-conditions/zone-name 11  outlet1
/define/boundary-conditions/zone-name 9  outlet3
/define/boundary-conditions/zone-name 5  outlet2
/define/boundary-conditions/zone-name 16 wallfront
/define/boundary-conditions/zone-name 14 walltail
/define/boundary-conditions/zone-name 17 wall1
/define/boundary-conditions/zone-name 8 wall2
/define/boundary-conditions/zone-type  velocityInlet pressure-far-field
/define/boundary-conditions/zone-type  outlet1 pressure-far-field
/define/boundary-conditions/zone-type  outlet2 pressure-far-field
/define/boundary-conditions/zone-type  outlet3 pressure-far-field

/file/write-case/FOILNAMEprep.cas
exit
